---
source: src/snapshot/tests/compute.rs
expression: patch_value
---
removed_instances:
  - id-2
added_instances: []
updated_instances: []
