---
source: src/snapshot/tests/compute.rs
expression: patch_value
---
removed_instances: []
added_instances: []
updated_instances:
  - id: id-1
    changed_name: ~
    changed_class_name: ~
    changed_properties:
      Foo: ~
    changed_metadata: ~
